#
# There is insufficient memory for the Java Runtime Environment to continue.
# Native memory allocation (mmap) failed to map 257949696 bytes. Error detail: G1 virtual space
# Possible reasons:
#   The system is out of physical RAM or swap space
#   This process is running with CompressedOops enabled, and the Java Heap may be blocking the growth of the native heap
# Possible solutions:
#   Reduce memory load on the system
#   Increase physical memory or swap space
#   Check if swap backing store is full
#   Decrease Java heap size (-Xmx/-Xms)
#   Decrease number of Java threads
#   Decrease Java thread stack sizes (-Xss)
#   Set larger code cache with -XX:ReservedCodeCacheSize=
#   JVM is running with Zero Based Compressed Oops mode in which the Java heap is
#     placed in the first 32GB address space. The Java Heap base address is the
#     maximum limit for the native heap growth. Please use -XX:HeapBaseMinAddress
#     to set the Java Heap base and to place the Java Heap above 32GB virtual address.
# This output file may be truncated or incomplete.
#
#  Out of Memory Error (os_windows.cpp:3690), pid=63708, tid=63800
#
# JRE version:  (17.0.18+8) (build )
# Java VM: OpenJDK 64-Bit Server VM (17.0.18+8-LTS, mixed mode, emulated-client, sharing, tiered, compressed oops, compressed class ptrs, g1 gc, windows-amd64)
# No core dump will be written. Minidumps are not enabled by default on client versions of Windows
#

---------------  S U M M A R Y ------------

Command Line: -XX:TieredStopAtLevel=1 -Dspring.output.ansi.enabled=always -Dcom.sun.management.jmxremote -Dspring.jmx.enabled=true -Dspring.liveBeansView.mbeanDomain -Dspring.application.admin.enabled=true -Dmanagement.endpoints.jmx.exposure.include=* -javaagent:C:\Program Files\JetBrains\IntelliJ IDEA 2025.3.4\lib\idea_rt.jar=4142 -Dfile.encoding=UTF-8 com.healthcare.appointmentservice.AppointmentServiceApplication

Host: AMD Ryzen 5 7535HS with Radeon Graphics        , 12 cores, 15G,  Windows 11 , 64 bit Build 26100 (10.0.26100.8246)
Time: Fri Apr 17 15:20:13 2026 Sri Lanka Standard Time elapsed time: 0.017715 seconds (0d 0h 0m 0s)

---------------  T H R E A D  ---------------

Current thread (0x000002201e99afb0):  JavaThread "Unknown thread" [_thread_in_vm, id=63800, stack(0x000000745fa00000,0x000000745fb00000)]

Stack: [0x000000745fa00000,0x000000745fb00000]
Native frames: (J=compiled Java code, j=interpreted, Vv=VM code, C=native code)
V  [jvm.dll+0x68c879]  (no source info available)
V  [jvm.dll+0x845979]  (no source info available)
V  [jvm.dll+0x8476e8]  (no source info available)
V  [jvm.dll+0x847d73]  (no source info available)
V  [jvm.dll+0x24cf6f]  (no source info available)
V  [jvm.dll+0x68bc79]  (no source info available)
V  [jvm.dll+0x68023a]  (no source info available)
V  [jvm.dll+0x3101a0]  (no source info available)
V  [jvm.dll+0x310042]  (no source info available)
V  [jvm.dll+0x317599]  (no source info available)
V  [jvm.dll+0x369999]  (no source info available)
V  [jvm.dll+0x369bcd]  (no source info available)
V  [jvm.dll+0x2e69aa]  (no source info available)
V  [jvm.dll+0x2e78b8]  (no source info available)
V  [jvm.dll+0x81871e]  (no source info available)
V  [jvm.dll+0x377601]  (no source info available)
V  [jvm.dll+0x7f6d65]  (no source info available)
V  [jvm.dll+0x3fd47b]  (no source info available)
V  [jvm.dll+0x3ff0b1]  (no source info available)
C  [jli.dll+0x52f0]  (no source info available)
C  [ucrtbase.dll+0x37b0]  (no source info available)
C  [KERNEL32.DLL+0x2e8d7]  (no source info available)
C  [ntdll.dll+0x8c3fc]  (no source info available)


---------------  P R O C E S S  ---------------

Threads class SMR info:
_java_thread_list=0x00007ffb3db26058, length=0, elements={
}

Java Threads: ( => current thread )

Other Threads:
  0x000002201ea08eb0 GCTaskThread "GC Thread#0" [stack: 0x000000745fb00000,0x000000745fc00000] [id=63812]
  0x000002201ea193b0 ConcurrentGCThread "G1 Main Marker" [stack: 0x000000745fc00000,0x000000745fd00000] [id=63816]
  0x000002201ea1b6f0 ConcurrentGCThread "G1 Conc#0" [stack: 0x000000745fd00000,0x000000745fe00000] [id=63820]

[error occurred during error reporting (printing all threads), id 0xc0000005, EXCEPTION_ACCESS_VIOLATION (0xc0000005) at pc=0x00007ffb3d2d74e7]

VM state: not at safepoint (not fully initialized)

VM Mutex/Monitor currently owned by a thread:  ([mutex/lock_event])
[0x000002201e986bf0] Heap_lock - owner thread: 0x000002201e99afb0

Heap address: 0x000000070ac00000, size: 3924 MB, Compressed Oops mode: Zero based, Oop shift amount: 3

CDS archive(s) mapped at: [0x0000000000000000-0x0000000000000000-0x0000000000000000), size 0, SharedBaseAddress: 0x0000000800000000, ArchiveRelocationMode: 1.
Narrow klass base: 0x0000000000000000, Narrow klass shift: 0, Narrow klass range: 0x0

GC Precious Log:
<Empty>

Heap:
 garbage-first heap   total 0K, used 0K [0x000000070ac00000, 0x0000000800000000)
  region size 2048K, 0 young (0K), 0 survivors (0K)

[error occurred during error reporting (printing heap information), id 0xc0000005, EXCEPTION_ACCESS_VIOLATION (0xc0000005) at pc=0x00007ffb3d6c8929]

GC Heap History (0 events):
No events

Dll operation events (1 events):
Event: 0.012 Loaded shared library C:\Users\Adeesha Harshana\.jdks\ms-17.0.18\bin\java.dll

Deoptimization events (0 events):
No events

Classes loaded (0 events):
No events

Classes unloaded (0 events):
No events

Classes redefined (0 events):
No events

Internal exceptions (0 events):
No events

VM Operations (0 events):
No events

Memory protections (0 events):
No events

Nmethod flushes (0 events):
No events

Events (0 events):
No events


Dynamic libraries:
0x00007ff755900000 - 0x00007ff75590e000 	C:\Users\Adeesha Harshana\.jdks\ms-17.0.18\bin\java.exe
0x00007ffba37a0000 - 0x00007ffba3a07000 	C:\WINDOWS\SYSTEM32\ntdll.dll
0x00007ffba1630000 - 0x00007ffba16f9000 	C:\WINDOWS\System32\KERNEL32.DLL
0x00007ffba0e60000 - 0x00007ffba1254000 	C:\WINDOWS\System32\KERNELBASE.dll
0x00007ffba0bb0000 - 0x00007ffba0cfb000 	C:\WINDOWS\System32\ucrtbase.dll
0x00007ffb9a4d0000 - 0x00007ffb9a4e8000 	C:\Users\Adeesha Harshana\.jdks\ms-17.0.18\bin\jli.dll
0x00007ffb94c20000 - 0x00007ffb94c3e000 	C:\Users\Adeesha Harshana\.jdks\ms-17.0.18\bin\VCRUNTIME140.dll
0x00007ffba3270000 - 0x00007ffba3435000 	C:\WINDOWS\System32\USER32.dll
0x00007ffb8c4d0000 - 0x00007ffb8c763000 	C:\WINDOWS\WinSxS\amd64_microsoft.windows.common-controls_6595b64144ccf1df_6.0.26100.8115_none_3e075c82e3354f9c\COMCTL32.dll
0x00007ffba1500000 - 0x00007ffba1527000 	C:\WINDOWS\System32\win32u.dll
0x00007ffba30a0000 - 0x00007ffba3149000 	C:\WINDOWS\System32\msvcrt.dll
0x00007ffba1f50000 - 0x00007ffba1f7b000 	C:\WINDOWS\System32\GDI32.dll
0x00007ffba1260000 - 0x00007ffba138b000 	C:\WINDOWS\System32\gdi32full.dll
0x00007ffba0d00000 - 0x00007ffba0da3000 	C:\WINDOWS\System32\msvcp_win.dll
0x00007ffba1540000 - 0x00007ffba1572000 	C:\WINDOWS\System32\IMM32.DLL
0x00007ffb94c10000 - 0x00007ffb94c1c000 	C:\Users\Adeesha Harshana\.jdks\ms-17.0.18\bin\vcruntime140_1.dll
0x00007ffb85fb0000 - 0x00007ffb86039000 	C:\Users\Adeesha Harshana\.jdks\ms-17.0.18\bin\msvcp140.dll
0x00007ffb3cfe0000 - 0x00007ffb3dc5a000 	C:\Users\Adeesha Harshana\.jdks\ms-17.0.18\bin\server\jvm.dll
0x00007ffba22b0000 - 0x00007ffba2366000 	C:\WINDOWS\System32\ADVAPI32.dll
0x00007ffba2020000 - 0x00007ffba20c7000 	C:\WINDOWS\System32\sechost.dll
0x00007ffba3150000 - 0x00007ffba3268000 	C:\WINDOWS\System32\RPCRT4.dll
0x00007ffba1f80000 - 0x00007ffba2000000 	C:\WINDOWS\System32\WS2_32.dll
0x00007ffb9fed0000 - 0x00007ffb9ff2e000 	C:\WINDOWS\SYSTEM32\POWRPROF.dll
0x00007ffb94840000 - 0x00007ffb94876000 	C:\WINDOWS\SYSTEM32\WINMM.dll
0x00007ffb995e0000 - 0x00007ffb995eb000 	C:\WINDOWS\SYSTEM32\VERSION.dll
0x00007ffb9feb0000 - 0x00007ffb9fec4000 	C:\WINDOWS\SYSTEM32\UMPDC.dll
0x00007ffb9edc0000 - 0x00007ffb9eddb000 	C:\WINDOWS\SYSTEM32\kernel.appcore.dll
0x00007ffb94c00000 - 0x00007ffb94c0a000 	C:\Users\Adeesha Harshana\.jdks\ms-17.0.18\bin\jimage.dll
0x00007ffb9dec0000 - 0x00007ffb9e102000 	C:\WINDOWS\SYSTEM32\DBGHELP.DLL
0x00007ffba2670000 - 0x00007ffba29f2000 	C:\WINDOWS\System32\combase.dll
0x00007ffba2ac0000 - 0x00007ffba2b98000 	C:\WINDOWS\System32\OLEAUT32.dll
0x00007ffb7acf0000 - 0x00007ffb7ad2b000 	C:\WINDOWS\SYSTEM32\dbgcore.DLL
0x00007ffba0db0000 - 0x00007ffba0e55000 	C:\WINDOWS\System32\bcryptPrimitives.dll
0x00007ffb94bf0000 - 0x00007ffb94bff000 	C:\Users\Adeesha Harshana\.jdks\ms-17.0.18\bin\instrument.dll
0x00007ffb94bc0000 - 0x00007ffb94be6000 	C:\Users\Adeesha Harshana\.jdks\ms-17.0.18\bin\java.dll

dbghelp: loaded successfully - version: 4.0.5 - missing functions: none
symbol engine: initialized successfully - sym options: 0x614 - pdb path: .;C:\Users\Adeesha Harshana\.jdks\ms-17.0.18\bin;C:\WINDOWS\SYSTEM32;C:\WINDOWS\WinSxS\amd64_microsoft.windows.common-controls_6595b64144ccf1df_6.0.26100.8115_none_3e075c82e3354f9c;C:\Users\Adeesha Harshana\.jdks\ms-17.0.18\bin\server

VM Arguments:
jvm_args: -XX:TieredStopAtLevel=1 -Dspring.output.ansi.enabled=always -Dcom.sun.management.jmxremote -Dspring.jmx.enabled=true -Dspring.liveBeansView.mbeanDomain -Dspring.application.admin.enabled=true -Dmanagement.endpoints.jmx.exposure.include=* -javaagent:C:\Program Files\JetBrains\IntelliJ IDEA 2025.3.4\lib\idea_rt.jar=4142 -Dfile.encoding=UTF-8 
java_command: com.healthcare.appointmentservice.AppointmentServiceApplication
java_class_path (initial): D:\projects\Ayubo\ayubo-backend-fixed\appointment-service\target\classes;C:\Users\Adeesha Harshana\.m2\repository\org\springframework\boot\spring-boot-starter-data-jpa\4.0.5\spring-boot-starter-data-jpa-4.0.5.jar;C:\Users\Adeesha Harshana\.m2\repository\org\springframework\boot\spring-boot-starter\4.0.5\spring-boot-starter-4.0.5.jar;C:\Users\Adeesha Harshana\.m2\repository\org\springframework\boot\spring-boot-starter-logging\4.0.5\spring-boot-starter-logging-4.0.5.jar;C:\Users\Adeesha Harshana\.m2\repository\ch\qos\logback\logback-classic\1.5.32\logback-classic-1.5.32.jar;C:\Users\Adeesha Harshana\.m2\repository\ch\qos\logback\logback-core\1.5.32\logback-core-1.5.32.jar;C:\Users\Adeesha Harshana\.m2\repository\org\apache\logging\log4j\log4j-to-slf4j\2.25.3\log4j-to-slf4j-2.25.3.jar;C:\Users\Adeesha Harshana\.m2\repository\org\apache\logging\log4j\log4j-api\2.25.3\log4j-api-2.25.3.jar;C:\Users\Adeesha Harshana\.m2\repository\org\slf4j\jul-to-slf4j\2.0.17\jul-to-slf4j-2.0.17.jar;C:\Users\Adeesha Harshana\.m2\repository\org\springframework\boot\spring-boot-autoconfigure\4.0.5\spring-boot-autoconfigure-4.0.5.jar;C:\Users\Adeesha Harshana\.m2\repository\jakarta\annotation\jakarta.annotation-api\3.0.0\jakarta.annotation-api-3.0.0.jar;C:\Users\Adeesha Harshana\.m2\repository\org\yaml\snakeyaml\2.5\snakeyaml-2.5.jar;C:\Users\Adeesha Harshana\.m2\repository\org\springframework\boot\spring-boot-starter-jdbc\4.0.5\spring-boot-starter-jdbc-4.0.5.jar;C:\Users\Adeesha Harshana\.m2\repository\com\zaxxer\HikariCP\7.0.2\HikariCP-7.0.2.jar;C:\Users\Adeesha Harshana\.m2\repository\org\slf4j\slf4j-api\2.0.17\slf4j-api-2.0.17.jar;C:\Users\Adeesha Harshana\.m2\repository\org\springframework\boot\spring-boot-data-jpa\4.0.5\spring-boot-data-jpa-4.0.5.jar;C:\Users\Adeesha Harshana\.m2\repository\org\springframework\boot\spring-boot-data-commons\4.0.5\spring-boot-data-commons-4.0.5.jar;C:\Users\Adeesha Harshana\.m2\repository\org\springframework\boot\spring-boot-
Launcher Type: SUN_STANDARD

[Global flags]
     intx CICompilerCount                          = 4                                         {product} {ergonomic}
     uint ConcGCThreads                            = 3                                         {product} {ergonomic}
     uint G1ConcRefinementThreads                  = 10                                        {product} {ergonomic}
   size_t G1HeapRegionSize                         = 2097152                                   {product} {ergonomic}
    uintx GCDrainStackTargetSize                   = 64                                        {product} {ergonomic}
   size_t InitialHeapSize                          = 257949696                                 {product} {ergonomic}
     bool ManagementServer                         = true                                      {product} {command line}
   size_t MarkStackSize                            = 4194304                                   {product} {ergonomic}
   size_t MaxHeapSize                              = 4114612224                                {product} {ergonomic}
   size_t MinHeapDeltaBytes                        = 2097152                                   {product} {ergonomic}
   size_t MinHeapSize                              = 8388608                                   {product} {ergonomic}
    uintx NonProfiledCodeHeapSize                  = 0                                      {pd product} {ergonomic}
     bool ProfileInterpreter                       = false                                  {pd product} {command line}
    uintx ProfiledCodeHeapSize                     = 0                                      {pd product} {ergonomic}
   size_t SoftMaxHeapSize                          = 4114612224                             {manageable} {ergonomic}
     intx TieredStopAtLevel                        = 1                                         {product} {command line}
     bool UseCompressedClassPointers               = true                           {product lp64_product} {ergonomic}
     bool UseCompressedOops                        = true                           {product lp64_product} {ergonomic}
     bool UseG1GC                                  = true                                      {product} {ergonomic}
     bool UseLargePagesIndividualAllocation        = false                                  {pd product} {ergonomic}

Logging:
Log output configuration:
 #0: stdout all=warning uptime,level,tags
 #1: stderr all=off uptime,level,tags

Environment Variables:
PATH=C:\Program Files\Common Files\Oracle\Java\javapath;C:\Program Files (x86)\Common Files\Oracle\Java\javapath;C:\WINDOWS\system32;C:\WINDOWS;C:\WINDOWS\System32\Wbem;C:\WINDOWS\System32\WindowsPowerShell\v1.0\;C:\WINDOWS\System32\OpenSSH\;C:\Program Files (x86)\NVIDIA Corporation\PhysX\Common;C:\Program Files\dotnet\;C:\Program Files (x86)\Microsoft SQL Server\160\Tools\Binn\;C:\Program Files\Microsoft SQL Server\160\Tools\Binn\;C:\Program Files\Microsoft SQL Server\Client SDK\ODBC\170\Tools\Binn\;C:\Program Files\Microsoft SQL Server\160\DTS\Binn\;C:\Program Files (x86)\Microsoft SQL Server\160\DTS\Binn\;C:\Program Files\Git\cmd;C:\Program Files (x86)\Windows Kits\10\Windows Performance Toolkit\;C:\Program Files\Java\jdk-23\bin;C:\Program Files\nodejs\;C:\Program Files\Docker\Docker\resources\bin;C:\Users\Adeesha Harshana\AppData\Local\Microsoft\WindowsApps;C:\Users\Adeesha Harshana\AppData\Local\Programs\Microsoft VS Code\bin;C:\Users\Adeesha Harshana\AppData\Local\GitHubDesktop\bin;C:\Users\Adeesha Harshana\AppData\Roaming\npm;C:\Users\Adeesha Harshana\AppData\Local\Programs\cursor\resources\app\bin;C:\Users\Adeesha Harshana\AppData\Local\Python\bin;
USERNAME=Adeesha Harshana
OS=Windows_NT
PROCESSOR_IDENTIFIER=AMD64 Family 25 Model 68 Stepping 1, AuthenticAMD
TMP=C:\Users\ADEESH~1\AppData\Local\Temp
TEMP=C:\Users\ADEESH~1\AppData\Local\Temp



Periodic native trim disabled


---------------  S Y S T E M  ---------------

OS:
 Windows 11 , 64 bit Build 26100 (10.0.26100.8246)
OS uptime: 0 days 1:54 hours
Hyper-V role detected

CPU: total 12 (initial active 12) (12 cores per cpu, 2 threads per core) family 25 model 68 stepping 1 microcode 0xa404107, cx8, cmov, fxsr, ht, mmx, 3dnowpref, sse, sse2, sse3, ssse3, sse4a, sse4.1, sse4.2, popcnt, lzcnt, tsc, tscinvbit, avx, avx2, aes, erms, clmul, bmi1, bmi2, adx, sha, fma, vzeroupper, clflush, clflushopt, hv
Processor Information for processor 0
  Max Mhz: 3301, Current Mhz: 2496, Mhz Limit: 3301
Processor Information for processor 1
  Max Mhz: 3301, Current Mhz: 2496, Mhz Limit: 3301
Processor Information for processor 2
  Max Mhz: 3301, Current Mhz: 2496, Mhz Limit: 3301
Processor Information for processor 3
  Max Mhz: 3301, Current Mhz: 2496, Mhz Limit: 3301
Processor Information for processor 4
  Max Mhz: 3301, Current Mhz: 2496, Mhz Limit: 3301
Processor Information for processor 5
  Max Mhz: 3301, Current Mhz: 2496, Mhz Limit: 3301
Processor Information for processor 6
  Max Mhz: 3301, Current Mhz: 2496, Mhz Limit: 3301
Processor Information for processor 7
  Max Mhz: 3301, Current Mhz: 2496, Mhz Limit: 3301
Processor Information for processor 8
  Max Mhz: 3301, Current Mhz: 2024, Mhz Limit: 3301
Processor Information for processor 9
  Max Mhz: 3301, Current Mhz: 2496, Mhz Limit: 3301
Processor Information for processor 10
  Max Mhz: 3301, Current Mhz: 2024, Mhz Limit: 3301
Processor Information for processor 11
  Max Mhz: 3301, Current Mhz: 2496, Mhz Limit: 3301

Memory: 4k page, system-wide physical 15690M (2006M free)
TotalPageFile size 27144M (AvailPageFile size 123M)
current process WorkingSet (physical memory assigned to process): 12M, peak: 12M
current process commit charge ("private bytes"): 59M, peak: 305M

vm_info: OpenJDK 64-Bit Server VM (17.0.18+8-LTS) for windows-amd64 JRE (17.0.18+8-LTS), built on Jan 15 2026 18:50:45 by "MicrosoftCorporation" with MS VC++ 17.14 (VS2022)

END.
